  ShaderHitchPipeline.Core -> D:\CodexWork\shader-whole-task-20260915\DotNet\ShaderHitchPipeline.Core\bin\Debug\netstandard2.0\ShaderHitchPipeline.Core.dll
D:\CodexWork\shader-whole-task-20260915\Packages\com.yanagisawa.shader-hitch-pipeline\Runtime\PsoLegacyPlanHashDocument.cs(11,23): warning CS0649: 从未对字段“PsoLegacyPlanHashDocument.profileId”赋值，字段将一直保持其默认值 null [D:\CodexWork\shader-whole-task-20260915\DotNet\ShaderHitchPipeline.Unity.Runtime.Compile\ShaderHitchPipeline.Unity.Runtime.Compile.csproj]
D:\CodexWork\shader-whole-task-20260915\Packages\com.yanagisawa.shader-hitch-pipeline\Runtime\PsoLegacyPlanHashDocument.cs(14,23): warning CS0649: 从未对字段“PsoLegacyPlanHashDocument.graphicsDeviceType”赋值，字段将一直保持其默认值 null [D:\CodexWork\shader-whole-task-20260915\DotNet\ShaderHitchPipeline.Unity.Runtime.Compile\ShaderHitchPipeline.Unity.Runtime.Compile.csproj]
D:\CodexWork\shader-whole-task-20260915\Packages\com.yanagisawa.shader-hitch-pipeline\Runtime\PsoLegacyPlanHashDocument.cs(12,23): warning CS0649: 从未对字段“PsoLegacyPlanHashDocument.generatedUtc”赋值，字段将一直保持其默认值 null [D:\CodexWork\shader-whole-task-20260915\DotNet\ShaderHitchPipeline.Unity.Runtime.Compile\ShaderHitchPipeline.Unity.Runtime.Compile.csproj]
D:\CodexWork\shader-whole-task-20260915\Packages\com.yanagisawa.shader-hitch-pipeline\Runtime\PsoLegacyPlanHashDocument.cs(15,23): warning CS0649: 从未对字段“PsoLegacyPlanHashDocument.qualityLevelName”赋值，字段将一直保持其默认值 null [D:\CodexWork\shader-whole-task-20260915\DotNet\ShaderHitchPipeline.Unity.Runtime.Compile\ShaderHitchPipeline.Unity.Runtime.Compile.csproj]
D:\CodexWork\shader-whole-task-20260915\Packages\com.yanagisawa.shader-hitch-pipeline\Runtime\PsoLegacyPlanHashDocument.cs(18,20): warning CS0649: 从未对字段“PsoLegacyPlanHashDocument.sourceSessionCount”赋值，字段将一直保持其默认值 0 [D:\CodexWork\shader-whole-task-20260915\DotNet\ShaderHitchPipeline.Unity.Runtime.Compile\ShaderHitchPipeline.Unity.Runtime.Compile.csproj]
D:\CodexWork\shader-whole-task-20260915\Packages\com.yanagisawa.shader-hitch-pipeline\Runtime\PsoLegacyPlanHashDocument.cs(21,23): warning CS0649: 从未对字段“PsoLegacyPlanHashDocument.planSha256”赋值，字段将一直保持其默认值 null [D:\CodexWork\shader-whole-task-20260915\DotNet\ShaderHitchPipeline.Unity.Runtime.Compile\ShaderHitchPipeline.Unity.Runtime.Compile.csproj]
D:\CodexWork\shader-whole-task-20260915\Packages\com.yanagisawa.shader-hitch-pipeline\Runtime\PsoLegacyPlanHashDocument.cs(13,23): warning CS0649: 从未对字段“PsoLegacyPlanHashDocument.runtimePlatform”赋值，字段将一直保持其默认值 null [D:\CodexWork\shader-whole-task-20260915\DotNet\ShaderHitchPipeline.Unity.Runtime.Compile\ShaderHitchPipeline.Unity.Runtime.Compile.csproj]
  ShaderHitchPipeline.Unity.Runtime.Compile -> D:\CodexWork\shader-whole-task-20260915\DotNet\ShaderHitchPipeline.Unity.Runtime.Compile\bin\Debug\netstandard2.1\Yanagisawa.ShaderHitchPipeline.Runtime.dll
  ShaderHitchPipeline.ExternalDiagnostics.Compile -> D:\CodexWork\shader-whole-task-20260915\DotNet\ShaderHitchPipeline.ExternalDiagnostics.Compile\bin\Debug\netstandard2.1\Yanagisawa.ShaderHitchPipeline.ExternalDiagnostics.dll

已成功生成。

D:\CodexWork\shader-whole-task-20260915\Packages\com.yanagisawa.shader-hitch-pipeline\Runtime\PsoLegacyPlanHashDocument.cs(11,23): warning CS0649: 从未对字段“PsoLegacyPlanHashDocument.profileId”赋值，字段将一直保持其默认值 null [D:\CodexWork\shader-whole-task-20260915\DotNet\ShaderHitchPipeline.Unity.Runtime.Compile\ShaderHitchPipeline.Unity.Runtime.Compile.csproj]
D:\CodexWork\shader-whole-task-20260915\Packages\com.yanagisawa.shader-hitch-pipeline\Runtime\PsoLegacyPlanHashDocument.cs(14,23): warning CS0649: 从未对字段“PsoLegacyPlanHashDocument.graphicsDeviceType”赋值，字段将一直保持其默认值 null [D:\CodexWork\shader-whole-task-20260915\DotNet\ShaderHitchPipeline.Unity.Runtime.Compile\ShaderHitchPipeline.Unity.Runtime.Compile.csproj]
D:\CodexWork\shader-whole-task-20260915\Packages\com.yanagisawa.shader-hitch-pipeline\Runtime\PsoLegacyPlanHashDocument.cs(12,23): warning CS0649: 从未对字段“PsoLegacyPlanHashDocument.generatedUtc”赋值，字段将一直保持其默认值 null [D:\CodexWork\shader-whole-task-20260915\DotNet\ShaderHitchPipeline.Unity.Runtime.Compile\ShaderHitchPipeline.Unity.Runtime.Compile.csproj]
D:\CodexWork\shader-whole-task-20260915\Packages\com.yanagisawa.shader-hitch-pipeline\Runtime\PsoLegacyPlanHashDocument.cs(15,23): warning CS0649: 从未对字段“PsoLegacyPlanHashDocument.qualityLevelName”赋值，字段将一直保持其默认值 null [D:\CodexWork\shader-whole-task-20260915\DotNet\ShaderHitchPipeline.Unity.Runtime.Compile\ShaderHitchPipeline.Unity.Runtime.Compile.csproj]
D:\CodexWork\shader-whole-task-20260915\Packages\com.yanagisawa.shader-hitch-pipeline\Runtime\PsoLegacyPlanHashDocument.cs(18,20): warning CS0649: 从未对字段“PsoLegacyPlanHashDocument.sourceSessionCount”赋值，字段将一直保持其默认值 0 [D:\CodexWork\shader-whole-task-20260915\DotNet\ShaderHitchPipeline.Unity.Runtime.Compile\ShaderHitchPipeline.Unity.Runtime.Compile.csproj]
D:\CodexWork\shader-whole-task-20260915\Packages\com.yanagisawa.shader-hitch-pipeline\Runtime\PsoLegacyPlanHashDocument.cs(21,23): warning CS0649: 从未对字段“PsoLegacyPlanHashDocument.planSha256”赋值，字段将一直保持其默认值 null [D:\CodexWork\shader-whole-task-20260915\DotNet\ShaderHitchPipeline.Unity.Runtime.Compile\ShaderHitchPipeline.Unity.Runtime.Compile.csproj]
D:\CodexWork\shader-whole-task-20260915\Packages\com.yanagisawa.shader-hitch-pipeline\Runtime\PsoLegacyPlanHashDocument.cs(13,23): warning CS0649: 从未对字段“PsoLegacyPlanHashDocument.runtimePlatform”赋值，字段将一直保持其默认值 null [D:\CodexWork\shader-whole-task-20260915\DotNet\ShaderHitchPipeline.Unity.Runtime.Compile\ShaderHitchPipeline.Unity.Runtime.Compile.csproj]
    7 个警告
    0 个错误

已用时间 00:00:03.28
